;;Blockname,depends on blocks with '|' separated,deffined in file

;;blocks in _connector.dxf
CONNECTOR=,_connector.dxf
CONNECTOR_POINT=,_connector.dxf
CONNECTOR_SQUARE=,_connector.dxf
CONNECTOR_TERMINAL=,_connector.dxf

;;devices in _connector.dxf
DEVICE_CONNECTOR=CONNECTOR,_connector.dxf
DEVICE_CONNECTOR_POINT=CONNECTOR_POINT,_connector.dxf
DEVICE_CONNECTOR_SQUARE=CONNECTOR_SQUARE,_connector.dxf
DEVICE_CONNECTOR_TERMINAL=CONNECTOR_TERMINAL,_connector.dxf


;;blocks in _el.dxf
EL_CABLE_BREAK=,_el.dxf
EL_CABLE_DOWN=,_el.dxf
EL_CABLE_FROMDOWN=,_el.dxf
EL_CABLE_FROMUP=,_el.dxf
EL_CABLE_UP=,_el.dxf
EL_CONTACTOR=,_el.dxf
EL_LIGHT_FBULB=,_el.dxf
EL_LIGHT_LBULB=,_el.dxf
EL_LIGHT_LBULB2=,_el.dxf
EL_LIGHT_SWITH=,_el.dxf
EL_MOTOR=,_el.dxf
EL_POSITION=,_el.dxf
EL_SHU=,_el.dxf
EL_SHUV=,_el.dxf
EL_SR=,_el.dxf
EL_YARV=,_el.dxf

;;devices in _el.dxf
DEVICE_EL_CABLE_BREAK=DEVICE_CONNECTOR_SQUARE|EL_CABLE_BREAK,_el.dxf
DEVICE_EL_CABLE_DOWN=DEVICE_CONNECTOR_SQUARE|EL_CABLE_DOWN,_el.dxf
DEVICE_EL_CABLE_FROMDOWN=DEVICE_CONNECTOR_SQUARE|EL_CABLE_FROMDOWN,_el.dxf
DEVICE_EL_CABLE_FROMUP=DEVICE_CONNECTOR_SQUARE|EL_CABLE_FROMUP,_el.dxf
DEVICE_EL_CABLE_UP=DEVICE_CONNECTOR_SQUARE|EL_CABLE_UP,_el.dxf
DEVICE_EL_CONTACTOR=DEVICE_CONNECTOR_SQUARE|EL_CONTACTOR,_el.dxf
DEVICE_EL_LIGHT_FBULB=DEVICE_CONNECTOR_SQUARE|EL_LIGHT_FBULB,_el.dxf
DEVICE_EL_LIGHT_LBULB=DEVICE_CONNECTOR_SQUARE|EL_LIGHT_LBULB,_el.dxf
DEVICE_EL_LIGHT_LBULB2=DEVICE_CONNECTOR_SQUARE|EL_LIGHT_LBULB2,_el.dxf
DEVICE_EL_LIGHT_SWITH=DEVICE_CONNECTOR_SQUARE|EL_LIGHT_SWITH,_el.dxf
DEVICE_EL_MOTOR=DEVICE_CONNECTOR_SQUARE|EL_MOTOR,_el.dxf
DEVICE_EL_POSITION=DEVICE_CONNECTOR_SQUARE|EL_POSITION,_el.dxf
DEVICE_EL_SHU=DEVICE_CONNECTOR_SQUARE|EL_SHU,_el.dxf
DEVICE_EL_SHUV=DEVICE_CONNECTOR_SQUARE|EL_SHUV,_el.dxf
DEVICE_EL_SR=DEVICE_CONNECTOR_SQUARE|EL_SR,_el.dxf
DEVICE_EL_YARV=DEVICE_CONNECTOR_SQUARE|EL_YARV,_el.dxf


;;blocks in _nok.dxf
NOC=,_nok.dxf
NOC2=,_nok.dxf

;;devices in _nok.dxf
DEVICE_NOC=DEVICE_CONNECTOR_TERMINAL|NOC,_nok.dxf
DEVICE_NOC2=DEVICE_CONNECTOR_TERMINAL|NOC2,_nok.dxf


;;blocks in _OPS.dxf
OPS_AHL=,_OPS.dxf




PS_DAT_SMOKE=,_ops.dxf
DEVICE_PS_DAT_SMOKE=DEVICE_CONNECTOR_SQUARE|PS_DAT_SMOKE,_ops.dxf